// Vitest Snapshot v1, https://vitest.dev/guide/snapshot.html

exports[`adjustInventory costing — characterization > a rate carrying more precision than the column keeps 1`] = `
[
  {
    "negativeLayers": [],
    "returned": {
      "averageRate": "1.005000",
      "created": true,
      "newQuantity": "1.000000",
      "newTotalValue": "1.005000",
      "previousQuantity": "0.000000",
      "previousTotalValue": "0.000000",
    },
    "step": "adjust delta=1 rate=1.005",
    "stored": {
      "averageRate": "1.01",
      "quantity": "1.000",
      "totalValue": "1.01",
    },
  },
  {
    "negativeLayers": [],
    "returned": {
      "averageRate": "1.677835",
      "created": false,
      "newQuantity": "2.000000",
      "newTotalValue": "3.355670",
      "previousQuantity": "1.000000",
      "previousTotalValue": "1.010000",
    },
    "step": "adjust delta=1 rate=2.34567",
    "stored": {
      "averageRate": "1.68",
      "quantity": "2.000",
      "totalValue": "3.36",
    },
  },
  {
    "negativeLayers": [],
    "returned": {
      "averageRate": "1.120017",
      "created": false,
      "newQuantity": "3.000000",
      "newTotalValue": "3.360050",
      "previousQuantity": "2.000000",
      "previousTotalValue": "3.360000",
    },
    "step": "adjust delta=1 rate=0.00005",
    "stored": {
      "averageRate": "1.12",
      "quantity": "3.000",
      "totalValue": "3.36",
    },
  },
  {
    "negativeLayers": [
      {
        "provisionalRate": "1.1200",
        "qty": "1.000",
      },
    ],
    "returned": {
      "averageRate": "1.120000",
      "created": false,
      "newQuantity": "-1.000000",
      "newTotalValue": "0.000000",
      "previousQuantity": "3.000000",
      "previousTotalValue": "3.360000",
    },
    "step": "adjust delta=-4",
    "stored": {
      "averageRate": "1.12",
      "quantity": "-1.000",
      "totalValue": "0.00",
    },
  },
]
`;

exports[`adjustInventory costing — characterization > a zero-quantity adjustment leaves everything alone 1`] = `
[
  {
    "negativeLayers": [],
    "returned": {
      "averageRate": "7.770000",
      "created": true,
      "newQuantity": "12.000000",
      "newTotalValue": "93.240000",
      "previousQuantity": "0.000000",
      "previousTotalValue": "0.000000",
    },
    "step": "adjust delta=12 rate=7.77",
    "stored": {
      "averageRate": "7.77",
      "quantity": "12.000",
      "totalValue": "93.24",
    },
  },
  {
    "negativeLayers": [],
    "returned": {
      "averageRate": "7.770000",
      "created": false,
      "newQuantity": "12.000000",
      "newTotalValue": "93.240000",
      "previousQuantity": "12.000000",
      "previousTotalValue": "93.240000",
    },
    "step": "adjust delta=0 rate=999",
    "stored": {
      "averageRate": "7.77",
      "quantity": "12.000",
      "totalValue": "93.24",
    },
  },
]
`;

exports[`adjustInventory costing — characterization > crossing zero exactly 1`] = `
[
  {
    "negativeLayers": [],
    "returned": {
      "averageRate": "5.000000",
      "created": true,
      "newQuantity": "0.300000",
      "newTotalValue": "1.500000",
      "previousQuantity": "0.000000",
      "previousTotalValue": "0.000000",
    },
    "step": "adjust delta=0.3 rate=5",
    "stored": {
      "averageRate": "5.00",
      "quantity": "0.300",
      "totalValue": "1.50",
    },
  },
  {
    "negativeLayers": [],
    "returned": {
      "averageRate": "5.000000",
      "created": false,
      "newQuantity": "0.200000",
      "newTotalValue": "1.000000",
      "previousQuantity": "0.300000",
      "previousTotalValue": "1.500000",
    },
    "step": "adjust delta=-0.1",
    "stored": {
      "averageRate": "5.00",
      "quantity": "0.200",
      "totalValue": "1.00",
    },
  },
  {
    "negativeLayers": [],
    "returned": {
      "averageRate": "5.000000",
      "created": false,
      "newQuantity": "0.000000",
      "newTotalValue": "0.000000",
      "previousQuantity": "0.200000",
      "previousTotalValue": "1.000000",
    },
    "step": "adjust delta=-0.2",
    "stored": {
      "averageRate": "5.00",
      "quantity": "0.000",
      "totalValue": "0.00",
    },
  },
]
`;

exports[`adjustInventory costing — characterization > exact-value reversal, including one that pushes the balance short 1`] = `
[
  {
    "negativeLayers": [],
    "returned": {
      "averageRate": "6.500000",
      "created": true,
      "newQuantity": "20.000000",
      "newTotalValue": "130.000000",
      "previousQuantity": "0.000000",
      "previousTotalValue": "0.000000",
    },
    "step": "adjust delta=20 rate=6.5",
    "stored": {
      "averageRate": "6.50",
      "quantity": "20.000",
      "totalValue": "130.00",
    },
  },
  {
    "negativeLayers": [],
    "returned": {
      "averageRate": "-",
      "created": false,
      "newQuantity": "-",
      "newTotalValue": "-",
      "previousQuantity": "-",
      "previousTotalValue": "-",
    },
    "step": "reverse qty=5 value=32.5",
    "stored": {
      "averageRate": "6.50",
      "quantity": "15.000",
      "totalValue": "97.50",
    },
  },
  {
    "negativeLayers": [
      {
        "provisionalRate": "6.5000",
        "qty": "5.000",
      },
    ],
    "returned": {
      "averageRate": "-",
      "created": false,
      "newQuantity": "-",
      "newTotalValue": "-",
      "previousQuantity": "-",
      "previousTotalValue": "-",
    },
    "step": "reverse qty=20 value=130",
    "stored": {
      "averageRate": "6.50",
      "quantity": "-5.000",
      "totalValue": "0.00",
    },
  },
  {
    "negativeLayers": [],
    "returned": {
      "averageRate": "6.500000",
      "created": false,
      "newQuantity": "5.000000",
      "newTotalValue": "32.500000",
      "previousQuantity": "-5.000000",
      "previousTotalValue": "0.000000",
    },
    "step": "adjust delta=10 rate=6.5",
    "stored": {
      "averageRate": "6.50",
      "quantity": "5.000",
      "totalValue": "32.50",
    },
  },
]
`;

exports[`adjustInventory costing — characterization > first touch is an issue, creating stock that starts short 1`] = `
[
  {
    "negativeLayers": [
      {
        "provisionalRate": "2.2500",
        "qty": "7.500",
      },
    ],
    "returned": {
      "averageRate": "0.000000",
      "created": true,
      "newQuantity": "-7.500000",
      "newTotalValue": "0.000000",
      "previousQuantity": "0.000000",
      "previousTotalValue": "0.000000",
    },
    "step": "adjust delta=-7.5 rate=2.25",
    "stored": {
      "averageRate": "0.00",
      "quantity": "-7.500",
      "totalValue": "0.00",
    },
  },
  {
    "negativeLayers": [
      {
        "provisionalRate": "2.2500",
        "qty": "5.000",
      },
    ],
    "returned": {
      "averageRate": "2.250000",
      "created": false,
      "newQuantity": "-5.000000",
      "newTotalValue": "0.000000",
      "previousQuantity": "-7.500000",
      "previousTotalValue": "0.000000",
    },
    "step": "adjust delta=2.5 rate=2.25",
    "stored": {
      "averageRate": "2.25",
      "quantity": "-5.000",
      "totalValue": "0.00",
    },
  },
  {
    "negativeLayers": [],
    "returned": {
      "averageRate": "3.000000",
      "created": false,
      "newQuantity": "5.000000",
      "newTotalValue": "15.000000",
      "previousQuantity": "-5.000000",
      "previousTotalValue": "0.000000",
    },
    "step": "adjust delta=10 rate=3",
    "stored": {
      "averageRate": "3.00",
      "quantity": "5.000",
      "totalValue": "15.00",
    },
  },
]
`;

exports[`adjustInventory costing — characterization > going short and settling FIFO across several layers 1`] = `
[
  {
    "negativeLayers": [],
    "returned": {
      "averageRate": "4.000000",
      "created": true,
      "newQuantity": "10.000000",
      "newTotalValue": "40.000000",
      "previousQuantity": "0.000000",
      "previousTotalValue": "0.000000",
    },
    "step": "adjust delta=10 rate=4",
    "stored": {
      "averageRate": "4.00",
      "quantity": "10.000",
      "totalValue": "40.00",
    },
  },
  {
    "negativeLayers": [
      {
        "provisionalRate": "4.0000",
        "qty": "5.000",
      },
    ],
    "returned": {
      "averageRate": "4.000000",
      "created": false,
      "newQuantity": "-5.000000",
      "newTotalValue": "0.000000",
      "previousQuantity": "10.000000",
      "previousTotalValue": "40.000000",
    },
    "step": "adjust delta=-15",
    "stored": {
      "averageRate": "4.00",
      "quantity": "-5.000",
      "totalValue": "0.00",
    },
  },
  {
    "negativeLayers": [
      {
        "provisionalRate": "4.0000",
        "qty": "5.000",
      },
      {
        "provisionalRate": "4.0000",
        "qty": "5.000",
      },
    ],
    "returned": {
      "averageRate": "4.000000",
      "created": false,
      "newQuantity": "-10.000000",
      "newTotalValue": "0.000000",
      "previousQuantity": "-5.000000",
      "previousTotalValue": "0.000000",
    },
    "step": "adjust delta=-5",
    "stored": {
      "averageRate": "4.00",
      "quantity": "-10.000",
      "totalValue": "0.00",
    },
  },
  {
    "negativeLayers": [
      {
        "provisionalRate": "4.0000",
        "qty": "1.000",
      },
      {
        "provisionalRate": "4.0000",
        "qty": "5.000",
      },
    ],
    "returned": {
      "averageRate": "6.000000",
      "created": false,
      "newQuantity": "-6.000000",
      "newTotalValue": "0.000000",
      "previousQuantity": "-10.000000",
      "previousTotalValue": "0.000000",
    },
    "step": "adjust delta=4 rate=6",
    "stored": {
      "averageRate": "6.00",
      "quantity": "-6.000",
      "totalValue": "0.00",
    },
  },
  {
    "negativeLayers": [
      {
        "provisionalRate": "4.0000",
        "qty": "3.000",
      },
    ],
    "returned": {
      "averageRate": "7.000000",
      "created": false,
      "newQuantity": "-3.000000",
      "newTotalValue": "0.000000",
      "previousQuantity": "-6.000000",
      "previousTotalValue": "0.000000",
    },
    "step": "adjust delta=3 rate=7",
    "stored": {
      "averageRate": "7.00",
      "quantity": "-3.000",
      "totalValue": "0.00",
    },
  },
  {
    "negativeLayers": [],
    "returned": {
      "averageRate": "8.000000",
      "created": false,
      "newQuantity": "17.000000",
      "newTotalValue": "136.000000",
      "previousQuantity": "-3.000000",
      "previousTotalValue": "0.000000",
    },
    "step": "adjust delta=20 rate=8",
    "stored": {
      "averageRate": "8.00",
      "quantity": "17.000",
      "totalValue": "136.00",
    },
  },
]
`;

exports[`adjustInventory costing — characterization > many small receipts accumulating float drift 1`] = `
[
  {
    "negativeLayers": [],
    "returned": {
      "averageRate": "1.100000",
      "created": true,
      "newQuantity": "0.100000",
      "newTotalValue": "0.110000",
      "previousQuantity": "0.000000",
      "previousTotalValue": "0.000000",
    },
    "step": "adjust delta=0.1 rate=1.1",
    "stored": {
      "averageRate": "1.10",
      "quantity": "0.100",
      "totalValue": "0.11",
    },
  },
  {
    "negativeLayers": [],
    "returned": {
      "averageRate": "1.100000",
      "created": false,
      "newQuantity": "0.200000",
      "newTotalValue": "0.220000",
      "previousQuantity": "0.100000",
      "previousTotalValue": "0.110000",
    },
    "step": "adjust delta=0.1 rate=1.1",
    "stored": {
      "averageRate": "1.10",
      "quantity": "0.200",
      "totalValue": "0.22",
    },
  },
  {
    "negativeLayers": [],
    "returned": {
      "averageRate": "1.100000",
      "created": false,
      "newQuantity": "0.300000",
      "newTotalValue": "0.330000",
      "previousQuantity": "0.200000",
      "previousTotalValue": "0.220000",
    },
    "step": "adjust delta=0.1 rate=1.1",
    "stored": {
      "averageRate": "1.10",
      "quantity": "0.300",
      "totalValue": "0.33",
    },
  },
  {
    "negativeLayers": [],
    "returned": {
      "averageRate": "1.100000",
      "created": false,
      "newQuantity": "0.400000",
      "newTotalValue": "0.440000",
      "previousQuantity": "0.300000",
      "previousTotalValue": "0.330000",
    },
    "step": "adjust delta=0.1 rate=1.1",
    "stored": {
      "averageRate": "1.10",
      "quantity": "0.400",
      "totalValue": "0.44",
    },
  },
  {
    "negativeLayers": [],
    "returned": {
      "averageRate": "1.100000",
      "created": false,
      "newQuantity": "0.500000",
      "newTotalValue": "0.550000",
      "previousQuantity": "0.400000",
      "previousTotalValue": "0.440000",
    },
    "step": "adjust delta=0.1 rate=1.1",
    "stored": {
      "averageRate": "1.10",
      "quantity": "0.500",
      "totalValue": "0.55",
    },
  },
  {
    "negativeLayers": [],
    "returned": {
      "averageRate": "1.100000",
      "created": false,
      "newQuantity": "0.600000",
      "newTotalValue": "0.660000",
      "previousQuantity": "0.500000",
      "previousTotalValue": "0.550000",
    },
    "step": "adjust delta=0.1 rate=1.1",
    "stored": {
      "averageRate": "1.10",
      "quantity": "0.600",
      "totalValue": "0.66",
    },
  },
  {
    "negativeLayers": [],
    "returned": {
      "averageRate": "1.100000",
      "created": false,
      "newQuantity": "0.700000",
      "newTotalValue": "0.770000",
      "previousQuantity": "0.600000",
      "previousTotalValue": "0.660000",
    },
    "step": "adjust delta=0.1 rate=1.1",
    "stored": {
      "averageRate": "1.10",
      "quantity": "0.700",
      "totalValue": "0.77",
    },
  },
  {
    "negativeLayers": [],
    "returned": {
      "averageRate": "1.100000",
      "created": false,
      "newQuantity": "0.800000",
      "newTotalValue": "0.880000",
      "previousQuantity": "0.700000",
      "previousTotalValue": "0.770000",
    },
    "step": "adjust delta=0.1 rate=1.1",
    "stored": {
      "averageRate": "1.10",
      "quantity": "0.800",
      "totalValue": "0.88",
    },
  },
  {
    "negativeLayers": [],
    "returned": {
      "averageRate": "1.100000",
      "created": false,
      "newQuantity": "0.900000",
      "newTotalValue": "0.990000",
      "previousQuantity": "0.800000",
      "previousTotalValue": "0.880000",
    },
    "step": "adjust delta=0.1 rate=1.1",
    "stored": {
      "averageRate": "1.10",
      "quantity": "0.900",
      "totalValue": "0.99",
    },
  },
  {
    "negativeLayers": [],
    "returned": {
      "averageRate": "1.100000",
      "created": false,
      "newQuantity": "1.000000",
      "newTotalValue": "1.100000",
      "previousQuantity": "0.900000",
      "previousTotalValue": "0.990000",
    },
    "step": "adjust delta=0.1 rate=1.1",
    "stored": {
      "averageRate": "1.10",
      "quantity": "1.000",
      "totalValue": "1.10",
    },
  },
  {
    "negativeLayers": [],
    "returned": {
      "averageRate": "1.100000",
      "created": false,
      "newQuantity": "1.100000",
      "newTotalValue": "1.210000",
      "previousQuantity": "1.000000",
      "previousTotalValue": "1.100000",
    },
    "step": "adjust delta=0.1 rate=1.1",
    "stored": {
      "averageRate": "1.10",
      "quantity": "1.100",
      "totalValue": "1.21",
    },
  },
  {
    "negativeLayers": [],
    "returned": {
      "averageRate": "1.100000",
      "created": false,
      "newQuantity": "1.200000",
      "newTotalValue": "1.320000",
      "previousQuantity": "1.100000",
      "previousTotalValue": "1.210000",
    },
    "step": "adjust delta=0.1 rate=1.1",
    "stored": {
      "averageRate": "1.10",
      "quantity": "1.200",
      "totalValue": "1.32",
    },
  },
  {
    "negativeLayers": [],
    "returned": {
      "averageRate": "1.100000",
      "created": false,
      "newQuantity": "1.300000",
      "newTotalValue": "1.430000",
      "previousQuantity": "1.200000",
      "previousTotalValue": "1.320000",
    },
    "step": "adjust delta=0.1 rate=1.1",
    "stored": {
      "averageRate": "1.10",
      "quantity": "1.300",
      "totalValue": "1.43",
    },
  },
  {
    "negativeLayers": [],
    "returned": {
      "averageRate": "1.100000",
      "created": false,
      "newQuantity": "1.400000",
      "newTotalValue": "1.540000",
      "previousQuantity": "1.300000",
      "previousTotalValue": "1.430000",
    },
    "step": "adjust delta=0.1 rate=1.1",
    "stored": {
      "averageRate": "1.10",
      "quantity": "1.400",
      "totalValue": "1.54",
    },
  },
  {
    "negativeLayers": [],
    "returned": {
      "averageRate": "1.100000",
      "created": false,
      "newQuantity": "1.500000",
      "newTotalValue": "1.650000",
      "previousQuantity": "1.400000",
      "previousTotalValue": "1.540000",
    },
    "step": "adjust delta=0.1 rate=1.1",
    "stored": {
      "averageRate": "1.10",
      "quantity": "1.500",
      "totalValue": "1.65",
    },
  },
  {
    "negativeLayers": [],
    "returned": {
      "averageRate": "1.100000",
      "created": false,
      "newQuantity": "1.600000",
      "newTotalValue": "1.760000",
      "previousQuantity": "1.500000",
      "previousTotalValue": "1.650000",
    },
    "step": "adjust delta=0.1 rate=1.1",
    "stored": {
      "averageRate": "1.10",
      "quantity": "1.600",
      "totalValue": "1.76",
    },
  },
  {
    "negativeLayers": [],
    "returned": {
      "averageRate": "1.100000",
      "created": false,
      "newQuantity": "1.700000",
      "newTotalValue": "1.870000",
      "previousQuantity": "1.600000",
      "previousTotalValue": "1.760000",
    },
    "step": "adjust delta=0.1 rate=1.1",
    "stored": {
      "averageRate": "1.10",
      "quantity": "1.700",
      "totalValue": "1.87",
    },
  },
  {
    "negativeLayers": [],
    "returned": {
      "averageRate": "1.100000",
      "created": false,
      "newQuantity": "1.800000",
      "newTotalValue": "1.980000",
      "previousQuantity": "1.700000",
      "previousTotalValue": "1.870000",
    },
    "step": "adjust delta=0.1 rate=1.1",
    "stored": {
      "averageRate": "1.10",
      "quantity": "1.800",
      "totalValue": "1.98",
    },
  },
  {
    "negativeLayers": [],
    "returned": {
      "averageRate": "1.100000",
      "created": false,
      "newQuantity": "1.900000",
      "newTotalValue": "2.090000",
      "previousQuantity": "1.800000",
      "previousTotalValue": "1.980000",
    },
    "step": "adjust delta=0.1 rate=1.1",
    "stored": {
      "averageRate": "1.10",
      "quantity": "1.900",
      "totalValue": "2.09",
    },
  },
  {
    "negativeLayers": [],
    "returned": {
      "averageRate": "1.100000",
      "created": false,
      "newQuantity": "2.000000",
      "newTotalValue": "2.200000",
      "previousQuantity": "1.900000",
      "previousTotalValue": "2.090000",
    },
    "step": "adjust delta=0.1 rate=1.1",
    "stored": {
      "averageRate": "1.10",
      "quantity": "2.000",
      "totalValue": "2.20",
    },
  },
  {
    "negativeLayers": [],
    "returned": {
      "averageRate": "1.100000",
      "created": false,
      "newQuantity": "2.100000",
      "newTotalValue": "2.310000",
      "previousQuantity": "2.000000",
      "previousTotalValue": "2.200000",
    },
    "step": "adjust delta=0.1 rate=1.1",
    "stored": {
      "averageRate": "1.10",
      "quantity": "2.100",
      "totalValue": "2.31",
    },
  },
  {
    "negativeLayers": [],
    "returned": {
      "averageRate": "1.100000",
      "created": false,
      "newQuantity": "2.200000",
      "newTotalValue": "2.420000",
      "previousQuantity": "2.100000",
      "previousTotalValue": "2.310000",
    },
    "step": "adjust delta=0.1 rate=1.1",
    "stored": {
      "averageRate": "1.10",
      "quantity": "2.200",
      "totalValue": "2.42",
    },
  },
  {
    "negativeLayers": [],
    "returned": {
      "averageRate": "1.100000",
      "created": false,
      "newQuantity": "2.300000",
      "newTotalValue": "2.530000",
      "previousQuantity": "2.200000",
      "previousTotalValue": "2.420000",
    },
    "step": "adjust delta=0.1 rate=1.1",
    "stored": {
      "averageRate": "1.10",
      "quantity": "2.300",
      "totalValue": "2.53",
    },
  },
  {
    "negativeLayers": [],
    "returned": {
      "averageRate": "1.100000",
      "created": false,
      "newQuantity": "2.400000",
      "newTotalValue": "2.640000",
      "previousQuantity": "2.300000",
      "previousTotalValue": "2.530000",
    },
    "step": "adjust delta=0.1 rate=1.1",
    "stored": {
      "averageRate": "1.10",
      "quantity": "2.400",
      "totalValue": "2.64",
    },
  },
  {
    "negativeLayers": [],
    "returned": {
      "averageRate": "1.100000",
      "created": false,
      "newQuantity": "2.500000",
      "newTotalValue": "2.750000",
      "previousQuantity": "2.400000",
      "previousTotalValue": "2.640000",
    },
    "step": "adjust delta=0.1 rate=1.1",
    "stored": {
      "averageRate": "1.10",
      "quantity": "2.500",
      "totalValue": "2.75",
    },
  },
  {
    "negativeLayers": [],
    "returned": {
      "averageRate": "1.100000",
      "created": false,
      "newQuantity": "2.600000",
      "newTotalValue": "2.860000",
      "previousQuantity": "2.500000",
      "previousTotalValue": "2.750000",
    },
    "step": "adjust delta=0.1 rate=1.1",
    "stored": {
      "averageRate": "1.10",
      "quantity": "2.600",
      "totalValue": "2.86",
    },
  },
  {
    "negativeLayers": [],
    "returned": {
      "averageRate": "1.100000",
      "created": false,
      "newQuantity": "2.700000",
      "newTotalValue": "2.970000",
      "previousQuantity": "2.600000",
      "previousTotalValue": "2.860000",
    },
    "step": "adjust delta=0.1 rate=1.1",
    "stored": {
      "averageRate": "1.10",
      "quantity": "2.700",
      "totalValue": "2.97",
    },
  },
  {
    "negativeLayers": [],
    "returned": {
      "averageRate": "1.100000",
      "created": false,
      "newQuantity": "2.800000",
      "newTotalValue": "3.080000",
      "previousQuantity": "2.700000",
      "previousTotalValue": "2.970000",
    },
    "step": "adjust delta=0.1 rate=1.1",
    "stored": {
      "averageRate": "1.10",
      "quantity": "2.800",
      "totalValue": "3.08",
    },
  },
  {
    "negativeLayers": [],
    "returned": {
      "averageRate": "1.100000",
      "created": false,
      "newQuantity": "2.900000",
      "newTotalValue": "3.190000",
      "previousQuantity": "2.800000",
      "previousTotalValue": "3.080000",
    },
    "step": "adjust delta=0.1 rate=1.1",
    "stored": {
      "averageRate": "1.10",
      "quantity": "2.900",
      "totalValue": "3.19",
    },
  },
  {
    "negativeLayers": [],
    "returned": {
      "averageRate": "1.100000",
      "created": false,
      "newQuantity": "3.000000",
      "newTotalValue": "3.300000",
      "previousQuantity": "2.900000",
      "previousTotalValue": "3.190000",
    },
    "step": "adjust delta=0.1 rate=1.1",
    "stored": {
      "averageRate": "1.10",
      "quantity": "3.000",
      "totalValue": "3.30",
    },
  },
  {
    "negativeLayers": [],
    "returned": {
      "averageRate": "1.100000",
      "created": false,
      "newQuantity": "3.100000",
      "newTotalValue": "3.410000",
      "previousQuantity": "3.000000",
      "previousTotalValue": "3.300000",
    },
    "step": "adjust delta=0.1 rate=1.1",
    "stored": {
      "averageRate": "1.10",
      "quantity": "3.100",
      "totalValue": "3.41",
    },
  },
  {
    "negativeLayers": [],
    "returned": {
      "averageRate": "1.100000",
      "created": false,
      "newQuantity": "3.200000",
      "newTotalValue": "3.520000",
      "previousQuantity": "3.100000",
      "previousTotalValue": "3.410000",
    },
    "step": "adjust delta=0.1 rate=1.1",
    "stored": {
      "averageRate": "1.10",
      "quantity": "3.200",
      "totalValue": "3.52",
    },
  },
  {
    "negativeLayers": [],
    "returned": {
      "averageRate": "1.100000",
      "created": false,
      "newQuantity": "3.300000",
      "newTotalValue": "3.630000",
      "previousQuantity": "3.200000",
      "previousTotalValue": "3.520000",
    },
    "step": "adjust delta=0.1 rate=1.1",
    "stored": {
      "averageRate": "1.10",
      "quantity": "3.300",
      "totalValue": "3.63",
    },
  },
  {
    "negativeLayers": [],
    "returned": {
      "averageRate": "1.100000",
      "created": false,
      "newQuantity": "3.400000",
      "newTotalValue": "3.740000",
      "previousQuantity": "3.300000",
      "previousTotalValue": "3.630000",
    },
    "step": "adjust delta=0.1 rate=1.1",
    "stored": {
      "averageRate": "1.10",
      "quantity": "3.400",
      "totalValue": "3.74",
    },
  },
  {
    "negativeLayers": [],
    "returned": {
      "averageRate": "1.100000",
      "created": false,
      "newQuantity": "3.500000",
      "newTotalValue": "3.850000",
      "previousQuantity": "3.400000",
      "previousTotalValue": "3.740000",
    },
    "step": "adjust delta=0.1 rate=1.1",
    "stored": {
      "averageRate": "1.10",
      "quantity": "3.500",
      "totalValue": "3.85",
    },
  },
  {
    "negativeLayers": [],
    "returned": {
      "averageRate": "1.100000",
      "created": false,
      "newQuantity": "3.600000",
      "newTotalValue": "3.960000",
      "previousQuantity": "3.500000",
      "previousTotalValue": "3.850000",
    },
    "step": "adjust delta=0.1 rate=1.1",
    "stored": {
      "averageRate": "1.10",
      "quantity": "3.600",
      "totalValue": "3.96",
    },
  },
  {
    "negativeLayers": [],
    "returned": {
      "averageRate": "1.100000",
      "created": false,
      "newQuantity": "3.700000",
      "newTotalValue": "4.070000",
      "previousQuantity": "3.600000",
      "previousTotalValue": "3.960000",
    },
    "step": "adjust delta=0.1 rate=1.1",
    "stored": {
      "averageRate": "1.10",
      "quantity": "3.700",
      "totalValue": "4.07",
    },
  },
  {
    "negativeLayers": [],
    "returned": {
      "averageRate": "1.100000",
      "created": false,
      "newQuantity": "3.800000",
      "newTotalValue": "4.180000",
      "previousQuantity": "3.700000",
      "previousTotalValue": "4.070000",
    },
    "step": "adjust delta=0.1 rate=1.1",
    "stored": {
      "averageRate": "1.10",
      "quantity": "3.800",
      "totalValue": "4.18",
    },
  },
  {
    "negativeLayers": [],
    "returned": {
      "averageRate": "1.100000",
      "created": false,
      "newQuantity": "3.900000",
      "newTotalValue": "4.290000",
      "previousQuantity": "3.800000",
      "previousTotalValue": "4.180000",
    },
    "step": "adjust delta=0.1 rate=1.1",
    "stored": {
      "averageRate": "1.10",
      "quantity": "3.900",
      "totalValue": "4.29",
    },
  },
  {
    "negativeLayers": [],
    "returned": {
      "averageRate": "1.100000",
      "created": false,
      "newQuantity": "4.000000",
      "newTotalValue": "4.400000",
      "previousQuantity": "3.900000",
      "previousTotalValue": "4.290000",
    },
    "step": "adjust delta=0.1 rate=1.1",
    "stored": {
      "averageRate": "1.10",
      "quantity": "4.000",
      "totalValue": "4.40",
    },
  },
  {
    "negativeLayers": [],
    "returned": {
      "averageRate": "1.100000",
      "created": false,
      "newQuantity": "4.100000",
      "newTotalValue": "4.510000",
      "previousQuantity": "4.000000",
      "previousTotalValue": "4.400000",
    },
    "step": "adjust delta=0.1 rate=1.1",
    "stored": {
      "averageRate": "1.10",
      "quantity": "4.100",
      "totalValue": "4.51",
    },
  },
  {
    "negativeLayers": [],
    "returned": {
      "averageRate": "1.100000",
      "created": false,
      "newQuantity": "4.200000",
      "newTotalValue": "4.620000",
      "previousQuantity": "4.100000",
      "previousTotalValue": "4.510000",
    },
    "step": "adjust delta=0.1 rate=1.1",
    "stored": {
      "averageRate": "1.10",
      "quantity": "4.200",
      "totalValue": "4.62",
    },
  },
  {
    "negativeLayers": [],
    "returned": {
      "averageRate": "1.100000",
      "created": false,
      "newQuantity": "4.300000",
      "newTotalValue": "4.730000",
      "previousQuantity": "4.200000",
      "previousTotalValue": "4.620000",
    },
    "step": "adjust delta=0.1 rate=1.1",
    "stored": {
      "averageRate": "1.10",
      "quantity": "4.300",
      "totalValue": "4.73",
    },
  },
  {
    "negativeLayers": [],
    "returned": {
      "averageRate": "1.100000",
      "created": false,
      "newQuantity": "4.400000",
      "newTotalValue": "4.840000",
      "previousQuantity": "4.300000",
      "previousTotalValue": "4.730000",
    },
    "step": "adjust delta=0.1 rate=1.1",
    "stored": {
      "averageRate": "1.10",
      "quantity": "4.400",
      "totalValue": "4.84",
    },
  },
  {
    "negativeLayers": [],
    "returned": {
      "averageRate": "1.100000",
      "created": false,
      "newQuantity": "4.500000",
      "newTotalValue": "4.950000",
      "previousQuantity": "4.400000",
      "previousTotalValue": "4.840000",
    },
    "step": "adjust delta=0.1 rate=1.1",
    "stored": {
      "averageRate": "1.10",
      "quantity": "4.500",
      "totalValue": "4.95",
    },
  },
  {
    "negativeLayers": [],
    "returned": {
      "averageRate": "1.100000",
      "created": false,
      "newQuantity": "4.600000",
      "newTotalValue": "5.060000",
      "previousQuantity": "4.500000",
      "previousTotalValue": "4.950000",
    },
    "step": "adjust delta=0.1 rate=1.1",
    "stored": {
      "averageRate": "1.10",
      "quantity": "4.600",
      "totalValue": "5.06",
    },
  },
  {
    "negativeLayers": [],
    "returned": {
      "averageRate": "1.100000",
      "created": false,
      "newQuantity": "4.700000",
      "newTotalValue": "5.170000",
      "previousQuantity": "4.600000",
      "previousTotalValue": "5.060000",
    },
    "step": "adjust delta=0.1 rate=1.1",
    "stored": {
      "averageRate": "1.10",
      "quantity": "4.700",
      "totalValue": "5.17",
    },
  },
  {
    "negativeLayers": [],
    "returned": {
      "averageRate": "1.100000",
      "created": false,
      "newQuantity": "4.800000",
      "newTotalValue": "5.280000",
      "previousQuantity": "4.700000",
      "previousTotalValue": "5.170000",
    },
    "step": "adjust delta=0.1 rate=1.1",
    "stored": {
      "averageRate": "1.10",
      "quantity": "4.800",
      "totalValue": "5.28",
    },
  },
  {
    "negativeLayers": [],
    "returned": {
      "averageRate": "1.100000",
      "created": false,
      "newQuantity": "4.900000",
      "newTotalValue": "5.390000",
      "previousQuantity": "4.800000",
      "previousTotalValue": "5.280000",
    },
    "step": "adjust delta=0.1 rate=1.1",
    "stored": {
      "averageRate": "1.10",
      "quantity": "4.900",
      "totalValue": "5.39",
    },
  },
  {
    "negativeLayers": [],
    "returned": {
      "averageRate": "1.100000",
      "created": false,
      "newQuantity": "5.000000",
      "newTotalValue": "5.500000",
      "previousQuantity": "4.900000",
      "previousTotalValue": "5.390000",
    },
    "step": "adjust delta=0.1 rate=1.1",
    "stored": {
      "averageRate": "1.10",
      "quantity": "5.000",
      "totalValue": "5.50",
    },
  },
  {
    "negativeLayers": [],
    "returned": {
      "averageRate": "1.100000",
      "created": false,
      "newQuantity": "5.100000",
      "newTotalValue": "5.610000",
      "previousQuantity": "5.000000",
      "previousTotalValue": "5.500000",
    },
    "step": "adjust delta=0.1 rate=1.1",
    "stored": {
      "averageRate": "1.10",
      "quantity": "5.100",
      "totalValue": "5.61",
    },
  },
  {
    "negativeLayers": [],
    "returned": {
      "averageRate": "1.100000",
      "created": false,
      "newQuantity": "5.200000",
      "newTotalValue": "5.720000",
      "previousQuantity": "5.100000",
      "previousTotalValue": "5.610000",
    },
    "step": "adjust delta=0.1 rate=1.1",
    "stored": {
      "averageRate": "1.10",
      "quantity": "5.200",
      "totalValue": "5.72",
    },
  },
  {
    "negativeLayers": [],
    "returned": {
      "averageRate": "1.100000",
      "created": false,
      "newQuantity": "5.300000",
      "newTotalValue": "5.830000",
      "previousQuantity": "5.200000",
      "previousTotalValue": "5.720000",
    },
    "step": "adjust delta=0.1 rate=1.1",
    "stored": {
      "averageRate": "1.10",
      "quantity": "5.300",
      "totalValue": "5.83",
    },
  },
  {
    "negativeLayers": [],
    "returned": {
      "averageRate": "1.100000",
      "created": false,
      "newQuantity": "5.400000",
      "newTotalValue": "5.940000",
      "previousQuantity": "5.300000",
      "previousTotalValue": "5.830000",
    },
    "step": "adjust delta=0.1 rate=1.1",
    "stored": {
      "averageRate": "1.10",
      "quantity": "5.400",
      "totalValue": "5.94",
    },
  },
  {
    "negativeLayers": [],
    "returned": {
      "averageRate": "1.100000",
      "created": false,
      "newQuantity": "5.500000",
      "newTotalValue": "6.050000",
      "previousQuantity": "5.400000",
      "previousTotalValue": "5.940000",
    },
    "step": "adjust delta=0.1 rate=1.1",
    "stored": {
      "averageRate": "1.10",
      "quantity": "5.500",
      "totalValue": "6.05",
    },
  },
  {
    "negativeLayers": [],
    "returned": {
      "averageRate": "1.100000",
      "created": false,
      "newQuantity": "5.600000",
      "newTotalValue": "6.160000",
      "previousQuantity": "5.500000",
      "previousTotalValue": "6.050000",
    },
    "step": "adjust delta=0.1 rate=1.1",
    "stored": {
      "averageRate": "1.10",
      "quantity": "5.600",
      "totalValue": "6.16",
    },
  },
  {
    "negativeLayers": [],
    "returned": {
      "averageRate": "1.100000",
      "created": false,
      "newQuantity": "5.700000",
      "newTotalValue": "6.270000",
      "previousQuantity": "5.600000",
      "previousTotalValue": "6.160000",
    },
    "step": "adjust delta=0.1 rate=1.1",
    "stored": {
      "averageRate": "1.10",
      "quantity": "5.700",
      "totalValue": "6.27",
    },
  },
  {
    "negativeLayers": [],
    "returned": {
      "averageRate": "1.100000",
      "created": false,
      "newQuantity": "5.800000",
      "newTotalValue": "6.380000",
      "previousQuantity": "5.700000",
      "previousTotalValue": "6.270000",
    },
    "step": "adjust delta=0.1 rate=1.1",
    "stored": {
      "averageRate": "1.10",
      "quantity": "5.800",
      "totalValue": "6.38",
    },
  },
  {
    "negativeLayers": [],
    "returned": {
      "averageRate": "1.100000",
      "created": false,
      "newQuantity": "5.900000",
      "newTotalValue": "6.490000",
      "previousQuantity": "5.800000",
      "previousTotalValue": "6.380000",
    },
    "step": "adjust delta=0.1 rate=1.1",
    "stored": {
      "averageRate": "1.10",
      "quantity": "5.900",
      "totalValue": "6.49",
    },
  },
  {
    "negativeLayers": [],
    "returned": {
      "averageRate": "1.100000",
      "created": false,
      "newQuantity": "6.000000",
      "newTotalValue": "6.600000",
      "previousQuantity": "5.900000",
      "previousTotalValue": "6.490000",
    },
    "step": "adjust delta=0.1 rate=1.1",
    "stored": {
      "averageRate": "1.10",
      "quantity": "6.000",
      "totalValue": "6.60",
    },
  },
  {
    "negativeLayers": [],
    "returned": {
      "averageRate": "1.100000",
      "created": false,
      "newQuantity": "6.100000",
      "newTotalValue": "6.710000",
      "previousQuantity": "6.000000",
      "previousTotalValue": "6.600000",
    },
    "step": "adjust delta=0.1 rate=1.1",
    "stored": {
      "averageRate": "1.10",
      "quantity": "6.100",
      "totalValue": "6.71",
    },
  },
  {
    "negativeLayers": [],
    "returned": {
      "averageRate": "1.100000",
      "created": false,
      "newQuantity": "6.200000",
      "newTotalValue": "6.820000",
      "previousQuantity": "6.100000",
      "previousTotalValue": "6.710000",
    },
    "step": "adjust delta=0.1 rate=1.1",
    "stored": {
      "averageRate": "1.10",
      "quantity": "6.200",
      "totalValue": "6.82",
    },
  },
  {
    "negativeLayers": [],
    "returned": {
      "averageRate": "1.100000",
      "created": false,
      "newQuantity": "6.300000",
      "newTotalValue": "6.930000",
      "previousQuantity": "6.200000",
      "previousTotalValue": "6.820000",
    },
    "step": "adjust delta=0.1 rate=1.1",
    "stored": {
      "averageRate": "1.10",
      "quantity": "6.300",
      "totalValue": "6.93",
    },
  },
  {
    "negativeLayers": [],
    "returned": {
      "averageRate": "1.100000",
      "created": false,
      "newQuantity": "6.400000",
      "newTotalValue": "7.040000",
      "previousQuantity": "6.300000",
      "previousTotalValue": "6.930000",
    },
    "step": "adjust delta=0.1 rate=1.1",
    "stored": {
      "averageRate": "1.10",
      "quantity": "6.400",
      "totalValue": "7.04",
    },
  },
  {
    "negativeLayers": [],
    "returned": {
      "averageRate": "1.100000",
      "created": false,
      "newQuantity": "6.500000",
      "newTotalValue": "7.150000",
      "previousQuantity": "6.400000",
      "previousTotalValue": "7.040000",
    },
    "step": "adjust delta=0.1 rate=1.1",
    "stored": {
      "averageRate": "1.10",
      "quantity": "6.500",
      "totalValue": "7.15",
    },
  },
  {
    "negativeLayers": [],
    "returned": {
      "averageRate": "1.100000",
      "created": false,
      "newQuantity": "6.600000",
      "newTotalValue": "7.260000",
      "previousQuantity": "6.500000",
      "previousTotalValue": "7.150000",
    },
    "step": "adjust delta=0.1 rate=1.1",
    "stored": {
      "averageRate": "1.10",
      "quantity": "6.600",
      "totalValue": "7.26",
    },
  },
  {
    "negativeLayers": [],
    "returned": {
      "averageRate": "1.100000",
      "created": false,
      "newQuantity": "6.700000",
      "newTotalValue": "7.370000",
      "previousQuantity": "6.600000",
      "previousTotalValue": "7.260000",
    },
    "step": "adjust delta=0.1 rate=1.1",
    "stored": {
      "averageRate": "1.10",
      "quantity": "6.700",
      "totalValue": "7.37",
    },
  },
  {
    "negativeLayers": [],
    "returned": {
      "averageRate": "1.100000",
      "created": false,
      "newQuantity": "6.800000",
      "newTotalValue": "7.480000",
      "previousQuantity": "6.700000",
      "previousTotalValue": "7.370000",
    },
    "step": "adjust delta=0.1 rate=1.1",
    "stored": {
      "averageRate": "1.10",
      "quantity": "6.800",
      "totalValue": "7.48",
    },
  },
  {
    "negativeLayers": [],
    "returned": {
      "averageRate": "1.100000",
      "created": false,
      "newQuantity": "6.900000",
      "newTotalValue": "7.590000",
      "previousQuantity": "6.800000",
      "previousTotalValue": "7.480000",
    },
    "step": "adjust delta=0.1 rate=1.1",
    "stored": {
      "averageRate": "1.10",
      "quantity": "6.900",
      "totalValue": "7.59",
    },
  },
  {
    "negativeLayers": [],
    "returned": {
      "averageRate": "1.100000",
      "created": false,
      "newQuantity": "7.000000",
      "newTotalValue": "7.700000",
      "previousQuantity": "6.900000",
      "previousTotalValue": "7.590000",
    },
    "step": "adjust delta=0.1 rate=1.1",
    "stored": {
      "averageRate": "1.10",
      "quantity": "7.000",
      "totalValue": "7.70",
    },
  },
  {
    "negativeLayers": [],
    "returned": {
      "averageRate": "1.100000",
      "created": false,
      "newQuantity": "7.100000",
      "newTotalValue": "7.810000",
      "previousQuantity": "7.000000",
      "previousTotalValue": "7.700000",
    },
    "step": "adjust delta=0.1 rate=1.1",
    "stored": {
      "averageRate": "1.10",
      "quantity": "7.100",
      "totalValue": "7.81",
    },
  },
  {
    "negativeLayers": [],
    "returned": {
      "averageRate": "1.100000",
      "created": false,
      "newQuantity": "7.200000",
      "newTotalValue": "7.920000",
      "previousQuantity": "7.100000",
      "previousTotalValue": "7.810000",
    },
    "step": "adjust delta=0.1 rate=1.1",
    "stored": {
      "averageRate": "1.10",
      "quantity": "7.200",
      "totalValue": "7.92",
    },
  },
  {
    "negativeLayers": [],
    "returned": {
      "averageRate": "1.100000",
      "created": false,
      "newQuantity": "7.300000",
      "newTotalValue": "8.030000",
      "previousQuantity": "7.200000",
      "previousTotalValue": "7.920000",
    },
    "step": "adjust delta=0.1 rate=1.1",
    "stored": {
      "averageRate": "1.10",
      "quantity": "7.300",
      "totalValue": "8.03",
    },
  },
  {
    "negativeLayers": [],
    "returned": {
      "averageRate": "1.100000",
      "created": false,
      "newQuantity": "7.400000",
      "newTotalValue": "8.140000",
      "previousQuantity": "7.300000",
      "previousTotalValue": "8.030000",
    },
    "step": "adjust delta=0.1 rate=1.1",
    "stored": {
      "averageRate": "1.10",
      "quantity": "7.400",
      "totalValue": "8.14",
    },
  },
  {
    "negativeLayers": [],
    "returned": {
      "averageRate": "1.100000",
      "created": false,
      "newQuantity": "7.500000",
      "newTotalValue": "8.250000",
      "previousQuantity": "7.400000",
      "previousTotalValue": "8.140000",
    },
    "step": "adjust delta=0.1 rate=1.1",
    "stored": {
      "averageRate": "1.10",
      "quantity": "7.500",
      "totalValue": "8.25",
    },
  },
  {
    "negativeLayers": [],
    "returned": {
      "averageRate": "1.100000",
      "created": false,
      "newQuantity": "7.600000",
      "newTotalValue": "8.360000",
      "previousQuantity": "7.500000",
      "previousTotalValue": "8.250000",
    },
    "step": "adjust delta=0.1 rate=1.1",
    "stored": {
      "averageRate": "1.10",
      "quantity": "7.600",
      "totalValue": "8.36",
    },
  },
  {
    "negativeLayers": [],
    "returned": {
      "averageRate": "1.100000",
      "created": false,
      "newQuantity": "7.700000",
      "newTotalValue": "8.470000",
      "previousQuantity": "7.600000",
      "previousTotalValue": "8.360000",
    },
    "step": "adjust delta=0.1 rate=1.1",
    "stored": {
      "averageRate": "1.10",
      "quantity": "7.700",
      "totalValue": "8.47",
    },
  },
  {
    "negativeLayers": [],
    "returned": {
      "averageRate": "1.100000",
      "created": false,
      "newQuantity": "7.800000",
      "newTotalValue": "8.580000",
      "previousQuantity": "7.700000",
      "previousTotalValue": "8.470000",
    },
    "step": "adjust delta=0.1 rate=1.1",
    "stored": {
      "averageRate": "1.10",
      "quantity": "7.800",
      "totalValue": "8.58",
    },
  },
  {
    "negativeLayers": [],
    "returned": {
      "averageRate": "1.100000",
      "created": false,
      "newQuantity": "7.900000",
      "newTotalValue": "8.690000",
      "previousQuantity": "7.800000",
      "previousTotalValue": "8.580000",
    },
    "step": "adjust delta=0.1 rate=1.1",
    "stored": {
      "averageRate": "1.10",
      "quantity": "7.900",
      "totalValue": "8.69",
    },
  },
  {
    "negativeLayers": [],
    "returned": {
      "averageRate": "1.100000",
      "created": false,
      "newQuantity": "8.000000",
      "newTotalValue": "8.800000",
      "previousQuantity": "7.900000",
      "previousTotalValue": "8.690000",
    },
    "step": "adjust delta=0.1 rate=1.1",
    "stored": {
      "averageRate": "1.10",
      "quantity": "8.000",
      "totalValue": "8.80",
    },
  },
  {
    "negativeLayers": [],
    "returned": {
      "averageRate": "1.100000",
      "created": false,
      "newQuantity": "8.100000",
      "newTotalValue": "8.910000",
      "previousQuantity": "8.000000",
      "previousTotalValue": "8.800000",
    },
    "step": "adjust delta=0.1 rate=1.1",
    "stored": {
      "averageRate": "1.10",
      "quantity": "8.100",
      "totalValue": "8.91",
    },
  },
  {
    "negativeLayers": [],
    "returned": {
      "averageRate": "1.100000",
      "created": false,
      "newQuantity": "8.200000",
      "newTotalValue": "9.020000",
      "previousQuantity": "8.100000",
      "previousTotalValue": "8.910000",
    },
    "step": "adjust delta=0.1 rate=1.1",
    "stored": {
      "averageRate": "1.10",
      "quantity": "8.200",
      "totalValue": "9.02",
    },
  },
  {
    "negativeLayers": [],
    "returned": {
      "averageRate": "1.100000",
      "created": false,
      "newQuantity": "8.300000",
      "newTotalValue": "9.130000",
      "previousQuantity": "8.200000",
      "previousTotalValue": "9.020000",
    },
    "step": "adjust delta=0.1 rate=1.1",
    "stored": {
      "averageRate": "1.10",
      "quantity": "8.300",
      "totalValue": "9.13",
    },
  },
  {
    "negativeLayers": [],
    "returned": {
      "averageRate": "1.100000",
      "created": false,
      "newQuantity": "8.400000",
      "newTotalValue": "9.240000",
      "previousQuantity": "8.300000",
      "previousTotalValue": "9.130000",
    },
    "step": "adjust delta=0.1 rate=1.1",
    "stored": {
      "averageRate": "1.10",
      "quantity": "8.400",
      "totalValue": "9.24",
    },
  },
  {
    "negativeLayers": [],
    "returned": {
      "averageRate": "1.100000",
      "created": false,
      "newQuantity": "8.500000",
      "newTotalValue": "9.350000",
      "previousQuantity": "8.400000",
      "previousTotalValue": "9.240000",
    },
    "step": "adjust delta=0.1 rate=1.1",
    "stored": {
      "averageRate": "1.10",
      "quantity": "8.500",
      "totalValue": "9.35",
    },
  },
  {
    "negativeLayers": [],
    "returned": {
      "averageRate": "1.100000",
      "created": false,
      "newQuantity": "8.600000",
      "newTotalValue": "9.460000",
      "previousQuantity": "8.500000",
      "previousTotalValue": "9.350000",
    },
    "step": "adjust delta=0.1 rate=1.1",
    "stored": {
      "averageRate": "1.10",
      "quantity": "8.600",
      "totalValue": "9.46",
    },
  },
  {
    "negativeLayers": [],
    "returned": {
      "averageRate": "1.100000",
      "created": false,
      "newQuantity": "8.700000",
      "newTotalValue": "9.570000",
      "previousQuantity": "8.600000",
      "previousTotalValue": "9.460000",
    },
    "step": "adjust delta=0.1 rate=1.1",
    "stored": {
      "averageRate": "1.10",
      "quantity": "8.700",
      "totalValue": "9.57",
    },
  },
  {
    "negativeLayers": [],
    "returned": {
      "averageRate": "1.100000",
      "created": false,
      "newQuantity": "8.800000",
      "newTotalValue": "9.680000",
      "previousQuantity": "8.700000",
      "previousTotalValue": "9.570000",
    },
    "step": "adjust delta=0.1 rate=1.1",
    "stored": {
      "averageRate": "1.10",
      "quantity": "8.800",
      "totalValue": "9.68",
    },
  },
  {
    "negativeLayers": [],
    "returned": {
      "averageRate": "1.100000",
      "created": false,
      "newQuantity": "8.900000",
      "newTotalValue": "9.790000",
      "previousQuantity": "8.800000",
      "previousTotalValue": "9.680000",
    },
    "step": "adjust delta=0.1 rate=1.1",
    "stored": {
      "averageRate": "1.10",
      "quantity": "8.900",
      "totalValue": "9.79",
    },
  },
  {
    "negativeLayers": [],
    "returned": {
      "averageRate": "1.100000",
      "created": false,
      "newQuantity": "9.000000",
      "newTotalValue": "9.900000",
      "previousQuantity": "8.900000",
      "previousTotalValue": "9.790000",
    },
    "step": "adjust delta=0.1 rate=1.1",
    "stored": {
      "averageRate": "1.10",
      "quantity": "9.000",
      "totalValue": "9.90",
    },
  },
  {
    "negativeLayers": [],
    "returned": {
      "averageRate": "1.100000",
      "created": false,
      "newQuantity": "9.100000",
      "newTotalValue": "10.010000",
      "previousQuantity": "9.000000",
      "previousTotalValue": "9.900000",
    },
    "step": "adjust delta=0.1 rate=1.1",
    "stored": {
      "averageRate": "1.10",
      "quantity": "9.100",
      "totalValue": "10.01",
    },
  },
  {
    "negativeLayers": [],
    "returned": {
      "averageRate": "1.100000",
      "created": false,
      "newQuantity": "9.200000",
      "newTotalValue": "10.120000",
      "previousQuantity": "9.100000",
      "previousTotalValue": "10.010000",
    },
    "step": "adjust delta=0.1 rate=1.1",
    "stored": {
      "averageRate": "1.10",
      "quantity": "9.200",
      "totalValue": "10.12",
    },
  },
  {
    "negativeLayers": [],
    "returned": {
      "averageRate": "1.100000",
      "created": false,
      "newQuantity": "9.300000",
      "newTotalValue": "10.230000",
      "previousQuantity": "9.200000",
      "previousTotalValue": "10.120000",
    },
    "step": "adjust delta=0.1 rate=1.1",
    "stored": {
      "averageRate": "1.10",
      "quantity": "9.300",
      "totalValue": "10.23",
    },
  },
  {
    "negativeLayers": [],
    "returned": {
      "averageRate": "1.100000",
      "created": false,
      "newQuantity": "9.400000",
      "newTotalValue": "10.340000",
      "previousQuantity": "9.300000",
      "previousTotalValue": "10.230000",
    },
    "step": "adjust delta=0.1 rate=1.1",
    "stored": {
      "averageRate": "1.10",
      "quantity": "9.400",
      "totalValue": "10.34",
    },
  },
  {
    "negativeLayers": [],
    "returned": {
      "averageRate": "1.100000",
      "created": false,
      "newQuantity": "9.500000",
      "newTotalValue": "10.450000",
      "previousQuantity": "9.400000",
      "previousTotalValue": "10.340000",
    },
    "step": "adjust delta=0.1 rate=1.1",
    "stored": {
      "averageRate": "1.10",
      "quantity": "9.500",
      "totalValue": "10.45",
    },
  },
  {
    "negativeLayers": [],
    "returned": {
      "averageRate": "1.100000",
      "created": false,
      "newQuantity": "9.600000",
      "newTotalValue": "10.560000",
      "previousQuantity": "9.500000",
      "previousTotalValue": "10.450000",
    },
    "step": "adjust delta=0.1 rate=1.1",
    "stored": {
      "averageRate": "1.10",
      "quantity": "9.600",
      "totalValue": "10.56",
    },
  },
  {
    "negativeLayers": [],
    "returned": {
      "averageRate": "1.100000",
      "created": false,
      "newQuantity": "9.700000",
      "newTotalValue": "10.670000",
      "previousQuantity": "9.600000",
      "previousTotalValue": "10.560000",
    },
    "step": "adjust delta=0.1 rate=1.1",
    "stored": {
      "averageRate": "1.10",
      "quantity": "9.700",
      "totalValue": "10.67",
    },
  },
  {
    "negativeLayers": [],
    "returned": {
      "averageRate": "1.100000",
      "created": false,
      "newQuantity": "9.800000",
      "newTotalValue": "10.780000",
      "previousQuantity": "9.700000",
      "previousTotalValue": "10.670000",
    },
    "step": "adjust delta=0.1 rate=1.1",
    "stored": {
      "averageRate": "1.10",
      "quantity": "9.800",
      "totalValue": "10.78",
    },
  },
  {
    "negativeLayers": [],
    "returned": {
      "averageRate": "1.100000",
      "created": false,
      "newQuantity": "9.900000",
      "newTotalValue": "10.890000",
      "previousQuantity": "9.800000",
      "previousTotalValue": "10.780000",
    },
    "step": "adjust delta=0.1 rate=1.1",
    "stored": {
      "averageRate": "1.10",
      "quantity": "9.900",
      "totalValue": "10.89",
    },
  },
  {
    "negativeLayers": [],
    "returned": {
      "averageRate": "1.100000",
      "created": false,
      "newQuantity": "10.000000",
      "newTotalValue": "11.000000",
      "previousQuantity": "9.900000",
      "previousTotalValue": "10.890000",
    },
    "step": "adjust delta=0.1 rate=1.1",
    "stored": {
      "averageRate": "1.10",
      "quantity": "10.000",
      "totalValue": "11.00",
    },
  },
  {
    "negativeLayers": [],
    "returned": {
      "averageRate": "1.100000",
      "created": false,
      "newQuantity": "0.000000",
      "newTotalValue": "0.000000",
      "previousQuantity": "10.000000",
      "previousTotalValue": "11.000000",
    },
    "step": "adjust delta=-10",
    "stored": {
      "averageRate": "1.10",
      "quantity": "0.000",
      "totalValue": "0.00",
    },
  },
]
`;

exports[`adjustInventory costing — characterization > non-terminating rates and quantities 1`] = `
[
  {
    "negativeLayers": [],
    "returned": {
      "averageRate": "3.333333",
      "created": true,
      "newQuantity": "3.000000",
      "newTotalValue": "10.000000",
      "previousQuantity": "0.000000",
      "previousTotalValue": "0.000000",
    },
    "step": "adjust delta=3 rate=3.3333333333333335",
    "stored": {
      "averageRate": "3.33",
      "quantity": "3.000",
      "totalValue": "10.00",
    },
  },
  {
    "negativeLayers": [],
    "returned": {
      "averageRate": "11.000000",
      "created": false,
      "newQuantity": "10.000000",
      "newTotalValue": "110.000000",
      "previousQuantity": "3.000000",
      "previousTotalValue": "10.000000",
    },
    "step": "adjust delta=7 rate=14.285714285714286",
    "stored": {
      "averageRate": "11.00",
      "quantity": "10.000",
      "totalValue": "110.00",
    },
  },
  {
    "negativeLayers": [],
    "returned": {
      "averageRate": "11.000000",
      "created": false,
      "newQuantity": "9.000000",
      "newTotalValue": "99.000000",
      "previousQuantity": "10.000000",
      "previousTotalValue": "110.000000",
    },
    "step": "adjust delta=-1",
    "stored": {
      "averageRate": "11.00",
      "quantity": "9.000",
      "totalValue": "99.00",
    },
  },
  {
    "negativeLayers": [],
    "returned": {
      "averageRate": "10.881319",
      "created": false,
      "newQuantity": "9.100000",
      "newTotalValue": "99.020000",
      "previousQuantity": "9.000000",
      "previousTotalValue": "99.000000",
    },
    "step": "adjust delta=0.1 rate=0.2",
    "stored": {
      "averageRate": "10.88",
      "quantity": "9.100",
      "totalValue": "99.02",
    },
  },
  {
    "negativeLayers": [],
    "returned": {
      "averageRate": "10.649462",
      "created": false,
      "newQuantity": "9.300000",
      "newTotalValue": "99.040000",
      "previousQuantity": "9.100000",
      "previousTotalValue": "99.020000",
    },
    "step": "adjust delta=0.2 rate=0.1",
    "stored": {
      "averageRate": "10.65",
      "quantity": "9.300",
      "totalValue": "99.04",
    },
  },
  {
    "negativeLayers": [],
    "returned": {
      "averageRate": "10.649444",
      "created": false,
      "newQuantity": "9.000000",
      "newTotalValue": "95.845000",
      "previousQuantity": "9.300000",
      "previousTotalValue": "99.040000",
    },
    "step": "adjust delta=-0.30000000000000004",
    "stored": {
      "averageRate": "10.65",
      "quantity": "9.000",
      "totalValue": "95.84",
    },
  },
]
`;

exports[`adjustInventory costing — characterization > receipts and issues that stay positive 1`] = `
[
  {
    "negativeLayers": [],
    "returned": {
      "averageRate": "10.000000",
      "created": true,
      "newQuantity": "100.000000",
      "newTotalValue": "1000.000000",
      "previousQuantity": "0.000000",
      "previousTotalValue": "0.000000",
    },
    "step": "adjust delta=100 rate=10",
    "stored": {
      "averageRate": "10.00",
      "quantity": "100.000",
      "totalValue": "1000.00",
    },
  },
  {
    "negativeLayers": [],
    "returned": {
      "averageRate": "10.833333",
      "created": false,
      "newQuantity": "150.000000",
      "newTotalValue": "1625.000000",
      "previousQuantity": "100.000000",
      "previousTotalValue": "1000.000000",
    },
    "step": "adjust delta=50 rate=12.5",
    "stored": {
      "averageRate": "10.83",
      "quantity": "150.000",
      "totalValue": "1625.00",
    },
  },
  {
    "negativeLayers": [],
    "returned": {
      "averageRate": "10.834167",
      "created": false,
      "newQuantity": "120.000000",
      "newTotalValue": "1300.100000",
      "previousQuantity": "150.000000",
      "previousTotalValue": "1625.000000",
    },
    "step": "adjust delta=-30",
    "stored": {
      "averageRate": "10.83",
      "quantity": "120.000",
      "totalValue": "1300.10",
    },
  },
  {
    "negativeLayers": [],
    "returned": {
      "averageRate": "10.688621",
      "created": false,
      "newQuantity": "145.000000",
      "newTotalValue": "1549.850000",
      "previousQuantity": "120.000000",
      "previousTotalValue": "1300.100000",
    },
    "step": "adjust delta=25 rate=9.99",
    "stored": {
      "averageRate": "10.69",
      "quantity": "145.000",
      "totalValue": "1549.85",
    },
  },
  {
    "negativeLayers": [],
    "returned": {
      "averageRate": "10.687647",
      "created": false,
      "newQuantity": "85.000000",
      "newTotalValue": "908.450000",
      "previousQuantity": "145.000000",
      "previousTotalValue": "1549.850000",
    },
    "step": "adjust delta=-60",
    "stored": {
      "averageRate": "10.69",
      "quantity": "85.000",
      "totalValue": "908.45",
    },
  },
]
`;

exports[`adjustInventory costing — characterization > shortage quantities that sit on the 0.0005 epsilon 1`] = `
[
  {
    "negativeLayers": [],
    "returned": {
      "averageRate": "3.000000",
      "created": true,
      "newQuantity": "1.000000",
      "newTotalValue": "3.000000",
      "previousQuantity": "0.000000",
      "previousTotalValue": "0.000000",
    },
    "step": "adjust delta=1 rate=3",
    "stored": {
      "averageRate": "3.00",
      "quantity": "1.000",
      "totalValue": "3.00",
    },
  },
  {
    "negativeLayers": [],
    "returned": {
      "averageRate": "3.000000",
      "created": false,
      "newQuantity": "-0.000400",
      "newTotalValue": "0.000000",
      "previousQuantity": "1.000000",
      "previousTotalValue": "3.000000",
    },
    "step": "adjust delta=-1.0004",
    "stored": {
      "averageRate": "3.00",
      "quantity": "0.000",
      "totalValue": "0.00",
    },
  },
  {
    "negativeLayers": [
      {
        "provisionalRate": "3.0000",
        "qty": "0.001",
      },
    ],
    "returned": {
      "averageRate": "3.000000",
      "created": false,
      "newQuantity": "-0.000600",
      "newTotalValue": "0.000000",
      "previousQuantity": "0.000000",
      "previousTotalValue": "0.000000",
    },
    "step": "adjust delta=-0.0006",
    "stored": {
      "averageRate": "3.00",
      "quantity": "-0.001",
      "totalValue": "0.00",
    },
  },
  {
    "negativeLayers": [
      {
        "provisionalRate": "3.0000",
        "qty": "0.001",
      },
    ],
    "returned": {
      "averageRate": "3.000000",
      "created": false,
      "newQuantity": "-0.000600",
      "newTotalValue": "0.000000",
      "previousQuantity": "-0.001000",
      "previousTotalValue": "0.000000",
    },
    "step": "adjust delta=0.0004 rate=3",
    "stored": {
      "averageRate": "3.00",
      "quantity": "-0.001",
      "totalValue": "0.00",
    },
  },
  {
    "negativeLayers": [],
    "returned": {
      "averageRate": "3.000000",
      "created": false,
      "newQuantity": "1.999000",
      "newTotalValue": "5.997000",
      "previousQuantity": "-0.001000",
      "previousTotalValue": "0.000000",
    },
    "step": "adjust delta=2 rate=3",
    "stored": {
      "averageRate": "3.00",
      "quantity": "1.999",
      "totalValue": "6.00",
    },
  },
]
`;
